// Jest Snapshot v1, https://goo.gl/fbAQLP

exports[`ListItems component renders items correctly 1`] = `
<body>
  <div>
    <ul
      class="sc-aXZVg kxSSDO"
    >
      <li
        class="sc-fqkvVR GhLwy"
      >
        Completed Item 1
      </li>
      <li
        class="sc-fqkvVR GhLwy"
      >
        Completed Item 2
      </li>
    </ul>
  </div>
</body>
`;
