// Jest Snapshot v1, https://goo.gl/fbAQLP

exports[`NewItemBar component renders correctly with default props 1`] = `
<body>
  <div>
    <div
      class="sc-aXZVg eDlzFL"
    >
      <form
        class="sc-gEvEer hsQzWn"
      >
        <input
          class="sc-eqUAAy euKeqQ"
          name="newItem"
          placeholder="Add new item..."
          type="text"
        />
        <button
          class="sc-dcJsrY goFTtQ"
          data-testid="search-button"
          type="submit"
        >
          <svg
            class="sc-iGgWBj bUUiVC"
            fill="currentColor"
            height="1em"
            stroke="currentColor"
            stroke-width="0"
            viewBox="0 0 512 512"
            width="1em"
            xmlns="http://www.w3.org/2000/svg"
          >
            <path
              d="M256 48C141.125 48 48 141.125 48 256s93.125 208 208 208 208-93.125 208-208S370.875 48 256 48zm107 229h-86v86h-42v-86h-86v-42h86v-86h42v86h86v42z"
            />
          </svg>
        </button>
      </form>
    </div>
  </div>
</body>
`;
