// Jest Snapshot v1, https://goo.gl/fbAQLP

exports[`ProgressBar component renders correctly with default props 1`] = `
<body>
  <div>
    <div
      class="sc-aXZVg gHGjTk"
      data-testid="progress-bar"
    >
      <div
        class="sc-gEvEer cHAHfT"
        data-testid="progress-fill"
        width="0"
      />
    </div>
  </div>
</body>
`;
